[error] The constructor being called isn't a const constructor (C:\Users\Vennala\OneDrive\Desktop\urbannest1\lib\core\theme.dart:42:25)
[warning] Unused import: 'package:firebase_core/firebase_core.dart' (C:\Users\Vennala\OneDrive\Desktop\urbannest1\lib\main.dart:2:8)
[info] Don't invoke 'print' in production code (C:\Users\Vennala\OneDrive\Desktop\urbannest1\lib\services\auth_service.dart:14:7)
[info] Don't invoke 'print' in production code (C:\Users\Vennala\OneDrive\Desktop\urbannest1\lib\services\auth_service.dart:24:7)
[info] Don't invoke 'print' in production code (C:\Users\Vennala\OneDrive\Desktop\urbannest1\lib\services\meeting_service.dart:31:7)
[error] Target of URI doesn't exist: 'package:firebase_messaging/firebase_messaging.dart' (C:\Users\Vennala\OneDrive\Desktop\urbannest1\lib\services\notification_service.dart:1:8)
[error] Undefined class 'FirebaseMessaging' (C:\Users\Vennala\OneDrive\Desktop\urbannest1\lib\services\notification_service.dart:4:9)
[error] Undefined class 'NotificationSettings' (C:\Users\Vennala\OneDrive\Desktop\urbannest1\lib\services\notification_service.dart:8:5)
[error] Undefined class 'RemoteMessage' (C:\Users\Vennala\OneDrive\Desktop\urbannest1\lib\services\notification_service.dart:26:41)
[error] Undefined class 'RemoteMessage' (C:\Users\Vennala\OneDrive\Desktop\urbannest1\lib\services\notification_service.dart:48:50)
[error] Undefined name 'FirebaseMessaging' (C:\Users\Vennala\OneDrive\Desktop\urbannest1\lib\services\notification_service.dart:4:34)
[error] Undefined name 'AuthorizationStatus' (C:\Users\Vennala\OneDrive\Desktop\urbannest1\lib\services\notification_service.dart:14:41)
[error] Undefined name 'FirebaseMessaging' (C:\Users\Vennala\OneDrive\Desktop\urbannest1\lib\services\notification_service.dart:23:5)
[error] Undefined name 'FirebaseMessaging' (C:\Users\Vennala\OneDrive\Desktop\urbannest1\lib\services\notification_service.dart:26:5)
[info] The imported package 'firebase_messaging' isn't a dependency of the importing package (C:\Users\Vennala\OneDrive\Desktop\urbannest1\lib\services\notification_service.dart:1:8)
[info] Don't invoke 'print' in production code (C:\Users\Vennala\OneDrive\Desktop\urbannest1\lib\services\notification_service.dart:15:7)
[info] Don't invoke 'print' in production code (C:\Users\Vennala\OneDrive\Desktop\urbannest1\lib\services\notification_service.dart:20:5)
[info] Don't invoke 'print' in production code (C:\Users\Vennala\OneDrive\Desktop\urbannest1\lib\services\notification_service.dart:27:7)
[info] Don't invoke 'print' in production code (C:\Users\Vennala\OneDrive\Desktop\urbannest1\lib\services\notification_service.dart:28:7)
[info] Don't invoke 'print' in production code (C:\Users\Vennala\OneDrive\Desktop\urbannest1\lib\services\notification_service.dart:31:9)
[info] Don't invoke 'print' in production code (C:\Users\Vennala\OneDrive\Desktop\urbannest1\lib\services\notification_service.dart:49:3)
[info] Don't invoke 'print' in production code (C:\Users\Vennala\OneDrive\Desktop\urbannest1\lib\services\storage_service.dart:15:7)
[info] Don't invoke 'print' in production code (C:\Users\Vennala\OneDrive\Desktop\urbannest1\lib\services\storage_service.dart:29:7)